******************************************************************************
                  TI ARM Linker PC v20.2.6                     
******************************************************************************
>> Linked Fri Sep  9 14:36:01 2022

OUTPUT FILE NAME:   <lab2_template_eel4742.out>
ENTRY POINT SYMBOL: "_c_int00_noargs"  address: 00000549


MEMORY CONFIGURATION

         name            origin    length      used     unused   attr    fill
----------------------  --------  ---------  --------  --------  ----  --------
  MAIN                  00000000   00040000  000005c2  0003fa3e  R  X
  INFO                  00200000   00004000  00000000  00004000  R  X
  SRAM_CODE             01000000   00010000  00000201  0000fdff  RW X
  SRAM_DATA             20000000   00010000  00000201  0000fdff  RW  


SEGMENT ALLOCATION MAP

run origin  load origin   length   init length attrs members
----------  ----------- ---------- ----------- ----- -------
00000000    00000000    000005c4   000005c4    r-x
  00000000    00000000    000000e4   000000e4    r-- .intvecs
  000000e4    000000e4    000004ca   000004ca    r-x .text
  000005b0    000005b0    00000014   00000014    r-- .cinit
20000000    20000000    00000001   00000000    rw-
  20000000    20000000    00000001   00000000    rw- .bss
2000fe00    2000fe00    00000200   00000000    rw-
  2000fe00    2000fe00    00000200   00000000    rw- .stack


SECTION ALLOCATION MAP

 output                                  attributes/
section   page    origin      length       input sections
--------  ----  ----------  ----------   ----------------
.intvecs   0    00000000    000000e4     
                  00000000    000000e4     startup_msp432p401r_ccs.obj (.intvecs:retain)

.text      0    000000e4    000004ca     
                  000000e4    000002f8     lab2.obj (.text:main)
                  000003dc    00000078     system_msp432p401r.obj (.text:SystemInit)
                  00000454    00000078     lab2.obj (.text:toggleLED2)
                  000004cc    00000044     rtsv7M4_T_le_v4SPD16_eabi.lib : autoinit.c.obj (.text:__TI_auto_init_nobinit_nopinit:__TI_auto_init_nobinit_nopinit)
                  00000510    00000038     lab2.obj (.text:myTimeDelay)
                  00000548    00000034     rtsv7M4_T_le_v4SPD16_eabi.lib : boot_cortex_m.c.obj (.text:_c_int00_noargs:_c_int00_noargs)
                  0000057c    0000001c                                   : copy_zero_init.c.obj (.text:decompress:ZI:__TI_zero_init_nomemset:__TI_zero_init_nomemset)
                  00000598    0000000c     startup_msp432p401r_ccs.obj (.text:Reset_Handler)
                  000005a4    00000004     rtsv7M4_T_le_v4SPD16_eabi.lib : pre_init.c.obj (.text:_system_pre_init)
                  000005a8    00000004                                   : exit.c.obj (.text:abort:abort)
                  000005ac    00000002     startup_msp432p401r_ccs.obj (.text:Default_Handler)

.cinit     0    000005b0    00000014     
                  000005b0    00000008     (.cinit..bss.load) [load image, compression = zero_init]
                  000005b8    00000004     (__TI_handler_table)
                  000005bc    00000008     (__TI_cinit_table)

.init_array 
*          0    00000000    00000000     UNINITIALIZED

.binit     0    00000000    00000000     

.bss       0    20000000    00000001     UNINITIALIZED
                  20000000    00000001     (.common:led2Color)

.stack     0    2000fe00    00000200     UNINITIALIZED
                  2000fe00    00000004     rtsv7M4_T_le_v4SPD16_eabi.lib : boot_cortex_m.c.obj (.stack)
                  2000fe04    000001fc     --HOLE--

__llvm_prf_cnts 
*          0    20000000    00000000     UNINITIALIZED

MODULE SUMMARY

       Module                        code   ro data   rw data
       ------                        ----   -------   -------
    .\
       lab2.obj                      936    0         2      
       system_msp432p401r.obj        120    0         0      
    +--+-----------------------------+------+---------+---------+
       Total:                        1056   0         2      
                                                             
    .\ccs\
       startup_msp432p401r_ccs.obj   14     228       0      
    +--+-----------------------------+------+---------+---------+
       Total:                        14     228       0      
                                                             
    C:\ti\ccs1200\ccs\tools\compiler\ti-cgt-arm_20.2.6.LTS\lib\rtsv7M4_T_le_v4SPD16_eabi.lib
       autoinit.c.obj                68     0         0      
       boot_cortex_m.c.obj           52     0         0      
       copy_zero_init.c.obj          28     0         0      
       exit.c.obj                    4      0         0      
       pre_init.c.obj                4      0         0      
    +--+-----------------------------+------+---------+---------+
       Total:                        156    0         0      
                                                             
       Stack:                        0      0         1024   
       Linker Generated:             0      20        0      
    +--+-----------------------------+------+---------+---------+
       Grand Total:                  1226   248       1026   


LINKER GENERATED COPY TABLES

__TI_cinit_table @ 000005bc records: 1, size/record: 8, table size: 8
	.bss: load addr=000005b0, load size=00000008 bytes, run addr=20000000, run size=00000001 bytes, compression=zero_init


LINKER GENERATED HANDLER TABLE

__TI_handler_table @ 000005b8 records: 1, size/record: 4, table size: 4
	index: 0, handler: __TI_zero_init


GLOBAL SYMBOLS: SORTED ALPHABETICALLY BY Name 

address   name                          
-------   ----                          
000005ad  ADC14_IRQHandler              
000005ad  AES256_IRQHandler             
000005ad  BusFault_Handler              
000005a9  C$$EXIT                       
000005ad  COMP_E0_IRQHandler            
000005ad  COMP_E1_IRQHandler            
000005ad  CS_IRQHandler                 
000005ad  DMA_ERR_IRQHandler            
000005ad  DMA_INT0_IRQHandler           
000005ad  DMA_INT1_IRQHandler           
000005ad  DMA_INT2_IRQHandler           
000005ad  DMA_INT3_IRQHandler           
000005ad  DebugMon_Handler              
000005ad  Default_Handler               
000005ad  EUSCIA0_IRQHandler            
000005ad  EUSCIA1_IRQHandler            
000005ad  EUSCIA2_IRQHandler            
000005ad  EUSCIA3_IRQHandler            
000005ad  EUSCIB0_IRQHandler            
000005ad  EUSCIB1_IRQHandler            
000005ad  EUSCIB2_IRQHandler            
000005ad  EUSCIB3_IRQHandler            
000005ad  FLCTL_IRQHandler              
000005ad  FPU_IRQHandler                
000005ad  HardFault_Handler             
000005ad  MemManage_Handler             
000005ad  NMI_Handler                   
000005ad  PCM_IRQHandler                
000005ad  PORT1_IRQHandler              
000005ad  PORT2_IRQHandler              
000005ad  PORT3_IRQHandler              
000005ad  PORT4_IRQHandler              
000005ad  PORT5_IRQHandler              
000005ad  PORT6_IRQHandler              
000005ad  PSS_IRQHandler                
000005ad  PendSV_Handler                
000005ad  RTC_C_IRQHandler              
00000599  Reset_Handler                 
000005ad  SVC_Handler                   
000005ad  SysTick_Handler               
000003dd  SystemInit                    
000005ad  T32_INT1_IRQHandler           
000005ad  T32_INT2_IRQHandler           
000005ad  T32_INTC_IRQHandler           
000005ad  TA0_0_IRQHandler              
000005ad  TA0_N_IRQHandler              
000005ad  TA1_0_IRQHandler              
000005ad  TA1_N_IRQHandler              
000005ad  TA2_0_IRQHandler              
000005ad  TA2_N_IRQHandler              
000005ad  TA3_0_IRQHandler              
000005ad  TA3_N_IRQHandler              
000005ad  UsageFault_Handler            
4000480c  WDTCTL_SYM                    
000005ad  WDT_A_IRQHandler              
20010000  __STACK_END                   
00000200  __STACK_SIZE                  
000005bc  __TI_CINIT_Base               
000005c4  __TI_CINIT_Limit              
000005b8  __TI_Handler_Table_Base       
000005bc  __TI_Handler_Table_Limit      
000004cd  __TI_auto_init_nobinit_nopinit
ffffffff  __TI_pprof_out_hndl           
ffffffff  __TI_prof_data_size           
ffffffff  __TI_prof_data_start          
00000000  __TI_static_base__            
0000057d  __TI_zero_init_nomemset       
ffffffff  __binit__                     
ffffffff  __c_args__                    
UNDEFED   __mpu_init                    
2000fe00  __stack                       
20000000  __start___llvm_prf_cnts       
20000000  __stop___llvm_prf_cnts        
00000549  _c_int00_noargs               
UNDEFED   _system_post_cinit            
000005a5  _system_pre_init              
000005a9  abort                         
ffffffff  binit                         
00000000  interruptVectors              
20000000  led2Color                     
000000e5  main                          
00000511  myTimeDelay                   
00000455  toggleLED2                    


GLOBAL SYMBOLS: SORTED BY Symbol Address 

address   name                          
-------   ----                          
00000000  __TI_static_base__            
00000000  interruptVectors              
000000e5  main                          
00000200  __STACK_SIZE                  
000003dd  SystemInit                    
00000455  toggleLED2                    
000004cd  __TI_auto_init_nobinit_nopinit
00000511  myTimeDelay                   
00000549  _c_int00_noargs               
0000057d  __TI_zero_init_nomemset       
00000599  Reset_Handler                 
000005a5  _system_pre_init              
000005a9  C$$EXIT                       
000005a9  abort                         
000005ad  ADC14_IRQHandler              
000005ad  AES256_IRQHandler             
000005ad  BusFault_Handler              
000005ad  COMP_E0_IRQHandler            
000005ad  COMP_E1_IRQHandler            
000005ad  CS_IRQHandler                 
000005ad  DMA_ERR_IRQHandler            
000005ad  DMA_INT0_IRQHandler           
000005ad  DMA_INT1_IRQHandler           
000005ad  DMA_INT2_IRQHandler           
000005ad  DMA_INT3_IRQHandler           
000005ad  DebugMon_Handler              
000005ad  Default_Handler               
000005ad  EUSCIA0_IRQHandler            
000005ad  EUSCIA1_IRQHandler            
000005ad  EUSCIA2_IRQHandler            
000005ad  EUSCIA3_IRQHandler            
000005ad  EUSCIB0_IRQHandler            
000005ad  EUSCIB1_IRQHandler            
000005ad  EUSCIB2_IRQHandler            
000005ad  EUSCIB3_IRQHandler            
000005ad  FLCTL_IRQHandler              
000005ad  FPU_IRQHandler                
000005ad  HardFault_Handler             
000005ad  MemManage_Handler             
000005ad  NMI_Handler                   
000005ad  PCM_IRQHandler                
000005ad  PORT1_IRQHandler              
000005ad  PORT2_IRQHandler              
000005ad  PORT3_IRQHandler              
000005ad  PORT4_IRQHandler              
000005ad  PORT5_IRQHandler              
000005ad  PORT6_IRQHandler              
000005ad  PSS_IRQHandler                
000005ad  PendSV_Handler                
000005ad  RTC_C_IRQHandler              
000005ad  SVC_Handler                   
000005ad  SysTick_Handler               
000005ad  T32_INT1_IRQHandler           
000005ad  T32_INT2_IRQHandler           
000005ad  T32_INTC_IRQHandler           
000005ad  TA0_0_IRQHandler              
000005ad  TA0_N_IRQHandler              
000005ad  TA1_0_IRQHandler              
000005ad  TA1_N_IRQHandler              
000005ad  TA2_0_IRQHandler              
000005ad  TA2_N_IRQHandler              
000005ad  TA3_0_IRQHandler              
000005ad  TA3_N_IRQHandler              
000005ad  UsageFault_Handler            
000005ad  WDT_A_IRQHandler              
000005b8  __TI_Handler_Table_Base       
000005bc  __TI_CINIT_Base               
000005bc  __TI_Handler_Table_Limit      
000005c4  __TI_CINIT_Limit              
20000000  __start___llvm_prf_cnts       
20000000  __stop___llvm_prf_cnts        
20000000  led2Color                     
2000fe00  __stack                       
20010000  __STACK_END                   
4000480c  WDTCTL_SYM                    
ffffffff  __TI_pprof_out_hndl           
ffffffff  __TI_prof_data_size           
ffffffff  __TI_prof_data_start          
ffffffff  __binit__                     
ffffffff  __c_args__                    
ffffffff  binit                         
UNDEFED   __mpu_init                    
UNDEFED   _system_post_cinit            

[83 symbols]
