******************************************************************************
                  TI ARM Linker PC v20.2.6                     
******************************************************************************
>> Linked Fri Sep 23 14:24:11 2022

OUTPUT FILE NAME:   <Lab4_EEL4742.out>
ENTRY POINT SYMBOL: "_c_int00_noargs"  address: 00000755


MEMORY CONFIGURATION

         name            origin    length      used     unused   attr    fill
----------------------  --------  ---------  --------  --------  ----  --------
  MAIN                  00000000   00040000  000007e4  0003f81c  R  X
  INFO                  00200000   00004000  00000000  00004000  R  X
  SRAM_CODE             01000000   00010000  0000021a  0000fde6  RW X
  SRAM_DATA             20000000   00010000  0000021a  0000fde6  RW  


SEGMENT ALLOCATION MAP

run origin  load origin   length   init length attrs members
----------  ----------- ---------- ----------- ----- -------
00000000    00000000    000007e4   000007e4    r-x
  00000000    00000000    000000e4   000000e4    r-- .intvecs
  000000e4    000000e4    000006ec   000006ec    r-x .text
  000007d0    000007d0    00000014   00000014    r-- .cinit
20000000    20000000    0000001a   00000000    rw-
  20000000    20000000    0000001a   00000000    rw- .bss
2000fe00    2000fe00    00000200   00000000    rw-
  2000fe00    2000fe00    00000200   00000000    rw- .stack


SECTION ALLOCATION MAP

 output                                  attributes/
section   page    origin      length       input sections
--------  ----  ----------  ----------   ----------------
.intvecs   0    00000000    000000e4     
                  00000000    000000e4     startup_msp432p401r_ccs.obj (.intvecs:retain)

.text      0    000000e4    000006ec     
                  000000e4    00000274     lab4.obj (.text:readBumperSwitches)
                  00000358    00000140     lab4.obj (.text:configRobotIO)
                  00000498    000000ec     lab4.obj (.text:main)
                  00000584    0000009c     lab4.obj (.text:configPWMTimer)
                  00000620    00000078     system_msp432p401r.obj (.text:SystemInit)
                  00000698    00000078     lab4.obj (.text:config432IO)
                  00000710    00000044     rtsv7M4_T_le_v4SPD16_eabi.lib : autoinit.c.obj (.text:__TI_auto_init_nobinit_nopinit:__TI_auto_init_nobinit_nopinit)
                  00000754    00000034                                   : boot_cortex_m.c.obj (.text:_c_int00_noargs:_c_int00_noargs)
                  00000788    0000001c                                   : copy_zero_init.c.obj (.text:decompress:ZI:__TI_zero_init_nomemset:__TI_zero_init_nomemset)
                  000007a4    00000016     msp432p4xx_driverlib.lib : timer_a.o (.text:Timer_A_startCounter)
                  000007ba    0000000c     startup_msp432p401r_ccs.obj (.text:Reset_Handler)
                  000007c6    00000004     rtsv7M4_T_le_v4SPD16_eabi.lib : pre_init.c.obj (.text:_system_pre_init)
                  000007ca    00000004                                   : exit.c.obj (.text:abort:abort)
                  000007ce    00000002     startup_msp432p401r_ccs.obj (.text:Default_Handler)

.cinit     0    000007d0    00000014     
                  000007d0    00000008     (.cinit..bss.load) [load image, compression = zero_init]
                  000007d8    00000004     (__TI_handler_table)
                  000007dc    00000008     (__TI_cinit_table)

.init_array 
*          0    00000000    00000000     UNINITIALIZED

.binit     0    00000000    00000000     

.bss       0    20000000    0000001a     UNINITIALIZED
                  20000000    00000018     (.common:timerPWMConfig)
                  20000018    00000001     (.common:L)
                  20000019    00000001     (.common:R)

.stack     0    2000fe00    00000200     UNINITIALIZED
                  2000fe00    00000004     rtsv7M4_T_le_v4SPD16_eabi.lib : boot_cortex_m.c.obj (.stack)
                  2000fe04    000001fc     --HOLE--

__llvm_prf_cnts 
*          0    20000000    00000000     UNINITIALIZED

MODULE SUMMARY

       Module                        code   ro data   rw data
       ------                        ----   -------   -------
    .\
       lab4.obj                      1460   0         52     
       system_msp432p401r.obj        120    0         0      
    +--+-----------------------------+------+---------+---------+
       Total:                        1580   0         52     
                                                             
    .\ccs\
       startup_msp432p401r_ccs.obj   14     228       0      
    +--+-----------------------------+------+---------+---------+
       Total:                        14     228       0      
                                                             
    C:/ti/ccs1200/simplelink_msp432p4_sdk_3_40_01_02/source/ti/devices/msp432p4xx/driverlib/ccs/msp432p4xx_driverlib.lib
       timer_a.o                     22     0         0      
    +--+-----------------------------+------+---------+---------+
       Total:                        22     0         0      
                                                             
    C:\ti\ccs1200\ccs\tools\compiler\ti-cgt-arm_20.2.6.LTS\lib\rtsv7M4_T_le_v4SPD16_eabi.lib
       autoinit.c.obj                68     0         0      
       boot_cortex_m.c.obj           52     0         0      
       copy_zero_init.c.obj          28     0         0      
       exit.c.obj                    4      0         0      
       pre_init.c.obj                4      0         0      
    +--+-----------------------------+------+---------+---------+
       Total:                        156    0         0      
                                                             
       Stack:                        0      0         1024   
       Linker Generated:             0      20        0      
    +--+-----------------------------+------+---------+---------+
       Grand Total:                  1772   248       1076   


LINKER GENERATED COPY TABLES

__TI_cinit_table @ 000007dc records: 1, size/record: 8, table size: 8
	.bss: load addr=000007d0, load size=00000008 bytes, run addr=20000000, run size=0000001a bytes, compression=zero_init


LINKER GENERATED HANDLER TABLE

__TI_handler_table @ 000007d8 records: 1, size/record: 4, table size: 4
	index: 0, handler: __TI_zero_init


GLOBAL SYMBOLS: SORTED ALPHABETICALLY BY Name 

address   name                          
-------   ----                          
000007cf  ADC14_IRQHandler              
000007cf  AES256_IRQHandler             
000007cf  BusFault_Handler              
000007cb  C$$EXIT                       
000007cf  COMP_E0_IRQHandler            
000007cf  COMP_E1_IRQHandler            
000007cf  CS_IRQHandler                 
000007cf  DMA_ERR_IRQHandler            
000007cf  DMA_INT0_IRQHandler           
000007cf  DMA_INT1_IRQHandler           
000007cf  DMA_INT2_IRQHandler           
000007cf  DMA_INT3_IRQHandler           
000007cf  DebugMon_Handler              
000007cf  Default_Handler               
000007cf  EUSCIA0_IRQHandler            
000007cf  EUSCIA1_IRQHandler            
000007cf  EUSCIA2_IRQHandler            
000007cf  EUSCIA3_IRQHandler            
000007cf  EUSCIB0_IRQHandler            
000007cf  EUSCIB1_IRQHandler            
000007cf  EUSCIB2_IRQHandler            
000007cf  EUSCIB3_IRQHandler            
000007cf  FLCTL_IRQHandler              
000007cf  FPU_IRQHandler                
000007cf  HardFault_Handler             
20000018  L                             
000007cf  MemManage_Handler             
000007cf  NMI_Handler                   
000007cf  PCM_IRQHandler                
000007cf  PORT1_IRQHandler              
000007cf  PORT2_IRQHandler              
000007cf  PORT3_IRQHandler              
000007cf  PORT4_IRQHandler              
000007cf  PORT5_IRQHandler              
000007cf  PORT6_IRQHandler              
000007cf  PSS_IRQHandler                
000007cf  PendSV_Handler                
20000019  R                             
000007cf  RTC_C_IRQHandler              
000007bb  Reset_Handler                 
000007cf  SVC_Handler                   
000007cf  SysTick_Handler               
00000621  SystemInit                    
000007cf  T32_INT1_IRQHandler           
000007cf  T32_INT2_IRQHandler           
000007cf  T32_INTC_IRQHandler           
000007cf  TA0_0_IRQHandler              
000007cf  TA0_N_IRQHandler              
000007cf  TA1_0_IRQHandler              
000007cf  TA1_N_IRQHandler              
000007cf  TA2_0_IRQHandler              
000007cf  TA2_N_IRQHandler              
000007cf  TA3_0_IRQHandler              
000007cf  TA3_N_IRQHandler              
000007a5  Timer_A_startCounter          
000007cf  UsageFault_Handler            
4000480c  WDTCTL_SYM                    
000007cf  WDT_A_IRQHandler              
20010000  __STACK_END                   
00000200  __STACK_SIZE                  
000007dc  __TI_CINIT_Base               
000007e4  __TI_CINIT_Limit              
000007d8  __TI_Handler_Table_Base       
000007dc  __TI_Handler_Table_Limit      
00000711  __TI_auto_init_nobinit_nopinit
ffffffff  __TI_pprof_out_hndl           
ffffffff  __TI_prof_data_size           
ffffffff  __TI_prof_data_start          
00000000  __TI_static_base__            
00000789  __TI_zero_init_nomemset       
ffffffff  __binit__                     
ffffffff  __c_args__                    
UNDEFED   __mpu_init                    
2000fe00  __stack                       
20000000  __start___llvm_prf_cnts       
20000000  __stop___llvm_prf_cnts        
00000755  _c_int00_noargs               
UNDEFED   _system_post_cinit            
000007c7  _system_pre_init              
000007cb  abort                         
ffffffff  binit                         
00000699  config432IO                   
00000585  configPWMTimer                
00000359  configRobotIO                 
00000000  interruptVectors              
00000499  main                          
000000e5  readBumperSwitches            
20000000  timerPWMConfig                


GLOBAL SYMBOLS: SORTED BY Symbol Address 

address   name                          
-------   ----                          
00000000  __TI_static_base__            
00000000  interruptVectors              
000000e5  readBumperSwitches            
00000200  __STACK_SIZE                  
00000359  configRobotIO                 
00000499  main                          
00000585  configPWMTimer                
00000621  SystemInit                    
00000699  config432IO                   
00000711  __TI_auto_init_nobinit_nopinit
00000755  _c_int00_noargs               
00000789  __TI_zero_init_nomemset       
000007a5  Timer_A_startCounter          
000007bb  Reset_Handler                 
000007c7  _system_pre_init              
000007cb  C$$EXIT                       
000007cb  abort                         
000007cf  ADC14_IRQHandler              
000007cf  AES256_IRQHandler             
000007cf  BusFault_Handler              
000007cf  COMP_E0_IRQHandler            
000007cf  COMP_E1_IRQHandler            
000007cf  CS_IRQHandler                 
000007cf  DMA_ERR_IRQHandler            
000007cf  DMA_INT0_IRQHandler           
000007cf  DMA_INT1_IRQHandler           
000007cf  DMA_INT2_IRQHandler           
000007cf  DMA_INT3_IRQHandler           
000007cf  DebugMon_Handler              
000007cf  Default_Handler               
000007cf  EUSCIA0_IRQHandler            
000007cf  EUSCIA1_IRQHandler            
000007cf  EUSCIA2_IRQHandler            
000007cf  EUSCIA3_IRQHandler            
000007cf  EUSCIB0_IRQHandler            
000007cf  EUSCIB1_IRQHandler            
000007cf  EUSCIB2_IRQHandler            
000007cf  EUSCIB3_IRQHandler            
000007cf  FLCTL_IRQHandler              
000007cf  FPU_IRQHandler                
000007cf  HardFault_Handler             
000007cf  MemManage_Handler             
000007cf  NMI_Handler                   
000007cf  PCM_IRQHandler                
000007cf  PORT1_IRQHandler              
000007cf  PORT2_IRQHandler              
000007cf  PORT3_IRQHandler              
000007cf  PORT4_IRQHandler              
000007cf  PORT5_IRQHandler              
000007cf  PORT6_IRQHandler              
000007cf  PSS_IRQHandler                
000007cf  PendSV_Handler                
000007cf  RTC_C_IRQHandler              
000007cf  SVC_Handler                   
000007cf  SysTick_Handler               
000007cf  T32_INT1_IRQHandler           
000007cf  T32_INT2_IRQHandler           
000007cf  T32_INTC_IRQHandler           
000007cf  TA0_0_IRQHandler              
000007cf  TA0_N_IRQHandler              
000007cf  TA1_0_IRQHandler              
000007cf  TA1_N_IRQHandler              
000007cf  TA2_0_IRQHandler              
000007cf  TA2_N_IRQHandler              
000007cf  TA3_0_IRQHandler              
000007cf  TA3_N_IRQHandler              
000007cf  UsageFault_Handler            
000007cf  WDT_A_IRQHandler              
000007d8  __TI_Handler_Table_Base       
000007dc  __TI_CINIT_Base               
000007dc  __TI_Handler_Table_Limit      
000007e4  __TI_CINIT_Limit              
20000000  __start___llvm_prf_cnts       
20000000  __stop___llvm_prf_cnts        
20000000  timerPWMConfig                
20000018  L                             
20000019  R                             
2000fe00  __stack                       
20010000  __STACK_END                   
4000480c  WDTCTL_SYM                    
ffffffff  __TI_pprof_out_hndl           
ffffffff  __TI_prof_data_size           
ffffffff  __TI_prof_data_start          
ffffffff  __binit__                     
ffffffff  __c_args__                    
ffffffff  binit                         
UNDEFED   __mpu_init                    
UNDEFED   _system_post_cinit            

[88 symbols]
