******************************************************************************
                  TI ARM Linker PC v20.2.6                     
******************************************************************************
>> Linked Fri Oct  7 13:27:19 2022

OUTPUT FILE NAME:   <Lab5_EEL4742.out>
ENTRY POINT SYMBOL: "_c_int00_noargs"  address: 00000a29


MEMORY CONFIGURATION

         name            origin    length      used     unused   attr    fill
----------------------  --------  ---------  --------  --------  ----  --------
  MAIN                  00000000   00040000  00000b10  0003f4f0  R  X
  INFO                  00200000   00004000  00000000  00004000  R  X
  SRAM_CODE             01000000   00010000  00000303  0000fcfd  RW X
  SRAM_DATA             20000000   00010000  00000303  0000fcfd  RW  


SEGMENT ALLOCATION MAP

run origin  load origin   length   init length attrs members
----------  ----------- ---------- ----------- ----- -------
00000000    00000000    00000b14   00000b14    r-x
  00000000    00000000    000000e4   000000e4    r-- .intvecs
  000000e4    000000e4    000009e4   000009e4    r-x .text
  00000ac8    00000ac8    00000024   00000024    r-- .const
  00000af0    00000af0    00000024   00000024    r-- .cinit
20000000    20000000    00000103   00000000    rw-
  20000000    20000000    000000e8   00000000    rw- .vtable
  200000e8    200000e8    0000001b   00000000    rw- .bss
2000fe00    2000fe00    00000200   00000000    rw-
  2000fe00    2000fe00    00000200   00000000    rw- .stack


SECTION ALLOCATION MAP

 output                                  attributes/
section   page    origin      length       input sections
--------  ----  ----------  ----------   ----------------
.intvecs   0    00000000    000000e4     
                  00000000    000000e4     startup_msp432p401r_ccs.obj (.intvecs:retain)

.text      0    000000e4    000009e4     
                  000000e4    000002c4     lab5.obj (.text:configRobotIO)
                  000003a8    0000019c     lab5.obj (.text:configMotors)
                  00000544    00000150     lab5.obj (.text:main)
                  00000694    0000009c     lab5.obj (.text:configPWMTimer)
                  00000730    00000088     lab5.obj (.text:toggleLEDs)
                  000007b8    00000080     msp432p4xx_driverlib.lib : interrupt.o (.text:Interrupt_enableInterrupt)
                  00000838    00000078     system_msp432p401r.obj (.text:SystemInit)
                  000008b0    00000078     lab5.obj (.text:config432IO)
                  00000928    00000060     lab5.obj (.text:bumperSwitchesHandler)
                  00000988    0000005c     msp432p4xx_driverlib.lib : interrupt.o (.text:Interrupt_registerInterrupt)
                  000009e4    00000044     rtsv7M4_T_le_v4SPD16_eabi.lib : autoinit.c.obj (.text:__TI_auto_init_nobinit_nopinit:__TI_auto_init_nobinit_nopinit)
                  00000a28    00000034                                   : boot_cortex_m.c.obj (.text:_c_int00_noargs:_c_int00_noargs)
                  00000a5c    00000024     msp432p4xx_driverlib.lib : gpio.o (.text:GPIO_registerInterrupt)
                  00000a80    0000001c     rtsv7M4_T_le_v4SPD16_eabi.lib : copy_zero_init.c.obj (.text:decompress:ZI:__TI_zero_init_nomemset:__TI_zero_init_nomemset)
                  00000a9c    00000016     msp432p4xx_driverlib.lib : timer_a.o (.text:Timer_A_startCounter)
                  00000ab2    0000000c     startup_msp432p401r_ccs.obj (.text:Reset_Handler)
                  00000abe    00000004     rtsv7M4_T_le_v4SPD16_eabi.lib : pre_init.c.obj (.text:_system_pre_init)
                  00000ac2    00000004                                   : exit.c.obj (.text:abort:abort)
                  00000ac6    00000002     startup_msp432p401r_ccs.obj (.text:Default_Handler)

.const     0    00000ac8    00000024     
                  00000ac8    0000001c     msp432p4xx_driverlib.lib : gpio.o (.const:GPIO_PORT_TO_INT)
                  00000ae4    00000008                              : interrupt.o (.const:g_pulEnRegs)

.cinit     0    00000af0    00000024     
                  00000af0    00000008     (.cinit..bss.load) [load image, compression = zero_init]
                  00000af8    00000008     (.cinit..vtable.load) [load image, compression = zero_init]
                  00000b00    00000004     (__TI_handler_table)
                  00000b04    00000010     (__TI_cinit_table)

.init_array 
*          0    00000000    00000000     UNINITIALIZED

.binit     0    00000000    00000000     

.vtable    0    20000000    000000e8     UNINITIALIZED
                  20000000    000000e8     msp432p4xx_driverlib.lib : interrupt.o (.vtable)

.bss       0    200000e8    0000001b     UNINITIALIZED
                  200000e8    00000018     (.common:timerPWMConfig)
                  20000100    00000001     (.common:b0ButtonState)
                  20000101    00000001     (.common:bnButtonState)
                  20000102    00000001     (.common:robotDirection)

.stack     0    2000fe00    00000200     UNINITIALIZED
                  2000fe00    00000004     rtsv7M4_T_le_v4SPD16_eabi.lib : boot_cortex_m.c.obj (.stack)
                  2000fe04    000001fc     --HOLE--

__llvm_prf_cnts 
*          0    20000000    00000000     UNINITIALIZED

MODULE SUMMARY

       Module                        code   ro data   rw data
       ------                        ----   -------   -------
    .\
       lab5.obj                      1964   0         54     
       system_msp432p401r.obj        120    0         0      
    +--+-----------------------------+------+---------+---------+
       Total:                        2084   0         54     
                                                             
    .\ccs\
       startup_msp432p401r_ccs.obj   14     228       0      
    +--+-----------------------------+------+---------+---------+
       Total:                        14     228       0      
                                                             
    C:/ti/ccs1200/simplelink_msp432p4_sdk_3_40_01_02/source/ti/devices/msp432p4xx/driverlib/ccs/msp432p4xx_driverlib.lib
       interrupt.o                   220    8         464    
       gpio.o                        36     28        0      
       timer_a.o                     22     0         0      
    +--+-----------------------------+------+---------+---------+
       Total:                        278    36        464    
                                                             
    C:\ti\ccs1200\ccs\tools\compiler\ti-cgt-arm_20.2.6.LTS\lib\rtsv7M4_T_le_v4SPD16_eabi.lib
       autoinit.c.obj                68     0         0      
       boot_cortex_m.c.obj           52     0         0      
       copy_zero_init.c.obj          28     0         0      
       exit.c.obj                    4      0         0      
       pre_init.c.obj                4      0         0      
    +--+-----------------------------+------+---------+---------+
       Total:                        156    0         0      
                                                             
       Stack:                        0      0         1024   
       Linker Generated:             0      36        0      
    +--+-----------------------------+------+---------+---------+
       Grand Total:                  2532   300       1542   


LINKER GENERATED COPY TABLES

__TI_cinit_table @ 00000b04 records: 2, size/record: 8, table size: 16
	.bss: load addr=00000af0, load size=00000008 bytes, run addr=200000e8, run size=0000001b bytes, compression=zero_init
	.vtable: load addr=00000af8, load size=00000008 bytes, run addr=20000000, run size=000000e8 bytes, compression=zero_init


LINKER GENERATED HANDLER TABLE

__TI_handler_table @ 00000b00 records: 1, size/record: 4, table size: 4
	index: 0, handler: __TI_zero_init


GLOBAL SYMBOLS: SORTED ALPHABETICALLY BY Name 

address   name                          
-------   ----                          
00000ac7  ADC14_IRQHandler              
00000ac7  AES256_IRQHandler             
00000ac7  BusFault_Handler              
00000ac3  C$$EXIT                       
00000ac7  COMP_E0_IRQHandler            
00000ac7  COMP_E1_IRQHandler            
00000ac7  CS_IRQHandler                 
00000ac7  DMA_ERR_IRQHandler            
00000ac7  DMA_INT0_IRQHandler           
00000ac7  DMA_INT1_IRQHandler           
00000ac7  DMA_INT2_IRQHandler           
00000ac7  DMA_INT3_IRQHandler           
00000ac7  DebugMon_Handler              
00000ac7  Default_Handler               
00000ac7  EUSCIA0_IRQHandler            
00000ac7  EUSCIA1_IRQHandler            
00000ac7  EUSCIA2_IRQHandler            
00000ac7  EUSCIA3_IRQHandler            
00000ac7  EUSCIB0_IRQHandler            
00000ac7  EUSCIB1_IRQHandler            
00000ac7  EUSCIB2_IRQHandler            
00000ac7  EUSCIB3_IRQHandler            
00000ac7  FLCTL_IRQHandler              
00000ac7  FPU_IRQHandler                
00000a5d  GPIO_registerInterrupt        
00000ac7  HardFault_Handler             
000007b9  Interrupt_enableInterrupt     
00000989  Interrupt_registerInterrupt   
00000ac7  MemManage_Handler             
00000ac7  NMI_Handler                   
00000ac7  PCM_IRQHandler                
00000ac7  PORT1_IRQHandler              
00000ac7  PORT2_IRQHandler              
00000ac7  PORT3_IRQHandler              
00000ac7  PORT4_IRQHandler              
00000ac7  PORT5_IRQHandler              
00000ac7  PORT6_IRQHandler              
00000ac7  PSS_IRQHandler                
00000ac7  PendSV_Handler                
00000ac7  RTC_C_IRQHandler              
00000ab3  Reset_Handler                 
00000ac7  SVC_Handler                   
00000ac7  SysTick_Handler               
00000839  SystemInit                    
00000ac7  T32_INT1_IRQHandler           
00000ac7  T32_INT2_IRQHandler           
00000ac7  T32_INTC_IRQHandler           
00000ac7  TA0_0_IRQHandler              
00000ac7  TA0_N_IRQHandler              
00000ac7  TA1_0_IRQHandler              
00000ac7  TA1_N_IRQHandler              
00000ac7  TA2_0_IRQHandler              
00000ac7  TA2_N_IRQHandler              
00000ac7  TA3_0_IRQHandler              
00000ac7  TA3_N_IRQHandler              
00000a9d  Timer_A_startCounter          
00000ac7  UsageFault_Handler            
4000480c  WDTCTL_SYM                    
00000ac7  WDT_A_IRQHandler              
20010000  __STACK_END                   
00000200  __STACK_SIZE                  
00000b04  __TI_CINIT_Base               
00000b14  __TI_CINIT_Limit              
00000b00  __TI_Handler_Table_Base       
00000b04  __TI_Handler_Table_Limit      
000009e5  __TI_auto_init_nobinit_nopinit
ffffffff  __TI_pprof_out_hndl           
ffffffff  __TI_prof_data_size           
ffffffff  __TI_prof_data_start          
00000000  __TI_static_base__            
00000a81  __TI_zero_init_nomemset       
ffffffff  __binit__                     
ffffffff  __c_args__                    
UNDEFED   __mpu_init                    
2000fe00  __stack                       
20000000  __start___llvm_prf_cnts       
20000000  __stop___llvm_prf_cnts        
00000a29  _c_int00_noargs               
UNDEFED   _system_post_cinit            
00000abf  _system_pre_init              
00000ac3  abort                         
20000100  b0ButtonState                 
ffffffff  binit                         
20000101  bnButtonState                 
00000929  bumperSwitchesHandler         
000008b1  config432IO                   
000003a9  configMotors                  
00000695  configPWMTimer                
000000e5  configRobotIO                 
20000000  g_pfnRAMVectors               
00000000  interruptVectors              
00000545  main                          
20000102  robotDirection                
200000e8  timerPWMConfig                
00000731  toggleLEDs                    


GLOBAL SYMBOLS: SORTED BY Symbol Address 

address   name                          
-------   ----                          
00000000  __TI_static_base__            
00000000  interruptVectors              
000000e5  configRobotIO                 
00000200  __STACK_SIZE                  
000003a9  configMotors                  
00000545  main                          
00000695  configPWMTimer                
00000731  toggleLEDs                    
000007b9  Interrupt_enableInterrupt     
00000839  SystemInit                    
000008b1  config432IO                   
00000929  bumperSwitchesHandler         
00000989  Interrupt_registerInterrupt   
000009e5  __TI_auto_init_nobinit_nopinit
00000a29  _c_int00_noargs               
00000a5d  GPIO_registerInterrupt        
00000a81  __TI_zero_init_nomemset       
00000a9d  Timer_A_startCounter          
00000ab3  Reset_Handler                 
00000abf  _system_pre_init              
00000ac3  C$$EXIT                       
00000ac3  abort                         
00000ac7  ADC14_IRQHandler              
00000ac7  AES256_IRQHandler             
00000ac7  BusFault_Handler              
00000ac7  COMP_E0_IRQHandler            
00000ac7  COMP_E1_IRQHandler            
00000ac7  CS_IRQHandler                 
00000ac7  DMA_ERR_IRQHandler            
00000ac7  DMA_INT0_IRQHandler           
00000ac7  DMA_INT1_IRQHandler           
00000ac7  DMA_INT2_IRQHandler           
00000ac7  DMA_INT3_IRQHandler           
00000ac7  DebugMon_Handler              
00000ac7  Default_Handler               
00000ac7  EUSCIA0_IRQHandler            
00000ac7  EUSCIA1_IRQHandler            
00000ac7  EUSCIA2_IRQHandler            
00000ac7  EUSCIA3_IRQHandler            
00000ac7  EUSCIB0_IRQHandler            
00000ac7  EUSCIB1_IRQHandler            
00000ac7  EUSCIB2_IRQHandler            
00000ac7  EUSCIB3_IRQHandler            
00000ac7  FLCTL_IRQHandler              
00000ac7  FPU_IRQHandler                
00000ac7  HardFault_Handler             
00000ac7  MemManage_Handler             
00000ac7  NMI_Handler                   
00000ac7  PCM_IRQHandler                
00000ac7  PORT1_IRQHandler              
00000ac7  PORT2_IRQHandler              
00000ac7  PORT3_IRQHandler              
00000ac7  PORT4_IRQHandler              
00000ac7  PORT5_IRQHandler              
00000ac7  PORT6_IRQHandler              
00000ac7  PSS_IRQHandler                
00000ac7  PendSV_Handler                
00000ac7  RTC_C_IRQHandler              
00000ac7  SVC_Handler                   
00000ac7  SysTick_Handler               
00000ac7  T32_INT1_IRQHandler           
00000ac7  T32_INT2_IRQHandler           
00000ac7  T32_INTC_IRQHandler           
00000ac7  TA0_0_IRQHandler              
00000ac7  TA0_N_IRQHandler              
00000ac7  TA1_0_IRQHandler              
00000ac7  TA1_N_IRQHandler              
00000ac7  TA2_0_IRQHandler              
00000ac7  TA2_N_IRQHandler              
00000ac7  TA3_0_IRQHandler              
00000ac7  TA3_N_IRQHandler              
00000ac7  UsageFault_Handler            
00000ac7  WDT_A_IRQHandler              
00000b00  __TI_Handler_Table_Base       
00000b04  __TI_CINIT_Base               
00000b04  __TI_Handler_Table_Limit      
00000b14  __TI_CINIT_Limit              
20000000  __start___llvm_prf_cnts       
20000000  __stop___llvm_prf_cnts        
20000000  g_pfnRAMVectors               
200000e8  timerPWMConfig                
20000100  b0ButtonState                 
20000101  bnButtonState                 
20000102  robotDirection                
2000fe00  __stack                       
20010000  __STACK_END                   
4000480c  WDTCTL_SYM                    
ffffffff  __TI_pprof_out_hndl           
ffffffff  __TI_prof_data_size           
ffffffff  __TI_prof_data_start          
ffffffff  __binit__                     
ffffffff  __c_args__                    
ffffffff  binit                         
UNDEFED   __mpu_init                    
UNDEFED   _system_post_cinit            

[95 symbols]
