******************************************************************************
                  TI ARM Linker PC v20.2.6                     
******************************************************************************
>> Linked Fri Oct 21 12:13:46 2022

OUTPUT FILE NAME:   <Lab7_EEL4742.out>
ENTRY POINT SYMBOL: "_c_int00_noargs"  address: 00000c31


MEMORY CONFIGURATION

         name            origin    length      used     unused   attr    fill
----------------------  --------  ---------  --------  --------  ----  --------
  MAIN                  00000000   00040000  00000d2c  0003f2d4  R  X
  INFO                  00200000   00004000  00000000  00004000  R  X
  SRAM_CODE             01000000   00010000  000002f2  0000fd0e  RW X
  SRAM_DATA             20000000   00010000  000002f2  0000fd0e  RW  


SEGMENT ALLOCATION MAP

run origin  load origin   length   init length attrs members
----------  ----------- ---------- ----------- ----- -------
00000000    00000000    00000d30   00000d30    r-x
  00000000    00000000    000000e4   000000e4    r-- .intvecs
  000000e4    000000e4    00000be4   00000be4    r-x .text
  00000cc8    00000cc8    00000024   00000024    r-- .const
  00000cf0    00000cf0    00000040   00000040    r-- .cinit
20000000    20000000    000000f2   00000000    rw-
  20000000    20000000    000000e8   00000000    rw- .vtable
  200000e8    200000e8    00000008   00000000    rw- .data
  200000f0    200000f0    00000002   00000000    rw- .bss
2000fe00    2000fe00    00000200   00000000    rw-
  2000fe00    2000fe00    00000200   00000000    rw- .stack


SECTION ALLOCATION MAP

 output                                  attributes/
section   page    origin      length       input sections
--------  ----  ----------  ----------   ----------------
.intvecs   0    00000000    000000e4     
                  00000000    000000e4     startup_msp432p401r_ccs.obj (.intvecs:retain)

.text      0    000000e4    00000be4     
                  000000e4    0000025c     lab7.obj (.text:readSensors)
                  00000340    00000218     lab7.obj (.text:configRobotIO)
                  00000558    0000017c     lab7.obj (.text:ledStates)
                  000006d4    000000f4     lab7.obj (.text:processSensors)
                  000007c8    0000009c     rtsv7M4_T_le_v4SPD16_eabi.lib : memcpy_t2.asm.obj (.text)
                  00000864    00000088     lab7.obj (.text:toggleLEDs)
                  000008ec    00000080     msp432p4xx_driverlib.lib : interrupt.o (.text:Interrupt_enableInterrupt)
                  0000096c    00000078     system_msp432p401r.obj (.text:SystemInit)
                  000009e4    00000078     lab7.obj (.text:config432IO)
                  00000a5c    00000070     lab7.obj (.text:main)
                  00000acc    00000068     rtsv7M4_T_le_v4SPD16_eabi.lib : copy_decompress_lzss.c.obj (.text:decompress:lzss:__TI_decompress_lzss)
                  00000b34    0000005c     msp432p4xx_driverlib.lib : interrupt.o (.text:Interrupt_registerInterrupt)
                  00000b90    0000005c     lab7.obj (.text:bumperSwitchesHandler)
                  00000bec    00000044     rtsv7M4_T_le_v4SPD16_eabi.lib : autoinit.c.obj (.text:__TI_auto_init_nobinit_nopinit:__TI_auto_init_nobinit_nopinit)
                  00000c30    00000034                                   : boot_cortex_m.c.obj (.text:_c_int00_noargs:_c_int00_noargs)
                  00000c64    00000024     msp432p4xx_driverlib.lib : gpio.o (.text:GPIO_registerInterrupt)
                  00000c88    0000001c     rtsv7M4_T_le_v4SPD16_eabi.lib : copy_zero_init.c.obj (.text:decompress:ZI:__TI_zero_init_nomemset:__TI_zero_init_nomemset)
                  00000ca4    0000000e                                   : copy_decompress_none.c.obj (.text:decompress:none:__TI_decompress_none)
                  00000cb2    0000000c     startup_msp432p401r_ccs.obj (.text:Reset_Handler)
                  00000cbe    00000004     rtsv7M4_T_le_v4SPD16_eabi.lib : pre_init.c.obj (.text:_system_pre_init)
                  00000cc2    00000004                                   : exit.c.obj (.text:abort:abort)
                  00000cc6    00000002     startup_msp432p401r_ccs.obj (.text:Default_Handler)

.const     0    00000cc8    00000024     
                  00000cc8    0000001c     msp432p4xx_driverlib.lib : gpio.o (.const:GPIO_PORT_TO_INT)
                  00000ce4    00000008                              : interrupt.o (.const:g_pulEnRegs)

.cinit     0    00000cf0    00000040     
                  00000cf0    0000000c     (__TI_handler_table)
                  00000cfc    00000004     --HOLE-- [fill = 0]
                  00000d00    00000008     (.cinit..bss.load) [load image, compression = zero_init]
                  00000d08    00000008     (.cinit..vtable.load) [load image, compression = zero_init]
                  00000d10    00000007     (.cinit..data.load) [load image, compression = lzss]
                  00000d17    00000001     --HOLE-- [fill = 0]
                  00000d18    00000018     (__TI_cinit_table)

.init_array 
*          0    00000000    00000000     UNINITIALIZED

.binit     0    00000000    00000000     

.vtable    0    20000000    000000e8     UNINITIALIZED
                  20000000    000000e8     msp432p4xx_driverlib.lib : interrupt.o (.vtable)

.data      0    200000e8    00000008     UNINITIALIZED
                  200000e8    00000008     lab7.obj (.data:s)

.bss       0    200000f0    00000002     UNINITIALIZED
                  200000f0    00000001     (.common:robotState)
                  200000f1    00000001     (.common:sensorState)

.stack     0    2000fe00    00000200     UNINITIALIZED
                  2000fe00    00000004     rtsv7M4_T_le_v4SPD16_eabi.lib : boot_cortex_m.c.obj (.stack)
                  2000fe04    000001fc     --HOLE--

__llvm_prf_cnts 
*          0    20000000    00000000     UNINITIALIZED

MODULE SUMMARY

       Module                        code   ro data   rw data
       ------                        ----   -------   -------
    .\
       lab7.obj                      2224   0         20     
       system_msp432p401r.obj        120    0         0      
    +--+-----------------------------+------+---------+---------+
       Total:                        2344   0         20     
                                                             
    .\ccs\
       startup_msp432p401r_ccs.obj   14     228       0      
    +--+-----------------------------+------+---------+---------+
       Total:                        14     228       0      
                                                             
    C:/ti/ccs1200/simplelink_msp432p4_sdk_3_40_01_02/source/ti/devices/msp432p4xx/driverlib/ccs/msp432p4xx_driverlib.lib
       interrupt.o                   220    8         464    
       gpio.o                        36     28        0      
    +--+-----------------------------+------+---------+---------+
       Total:                        256    36        464    
                                                             
    C:\ti\ccs1200\ccs\tools\compiler\ti-cgt-arm_20.2.6.LTS\lib\rtsv7M4_T_le_v4SPD16_eabi.lib
       memcpy_t2.asm.obj             156    0         0      
       copy_decompress_lzss.c.obj    104    0         0      
       autoinit.c.obj                68     0         0      
       boot_cortex_m.c.obj           52     0         0      
       copy_zero_init.c.obj          28     0         0      
       copy_decompress_none.c.obj    14     0         0      
       exit.c.obj                    4      0         0      
       pre_init.c.obj                4      0         0      
    +--+-----------------------------+------+---------+---------+
       Total:                        430    0         0      
                                                             
       Stack:                        0      0         1024   
       Linker Generated:             0      59        0      
    +--+-----------------------------+------+---------+---------+
       Grand Total:                  3044   323       1508   


LINKER GENERATED COPY TABLES

__TI_cinit_table @ 00000d18 records: 3, size/record: 8, table size: 24
	.bss: load addr=00000d00, load size=00000008 bytes, run addr=200000f0, run size=00000002 bytes, compression=zero_init
	.vtable: load addr=00000d08, load size=00000008 bytes, run addr=20000000, run size=000000e8 bytes, compression=zero_init
	.data: load addr=00000d10, load size=00000007 bytes, run addr=200000e8, run size=00000008 bytes, compression=lzss


LINKER GENERATED HANDLER TABLE

__TI_handler_table @ 00000cf0 records: 3, size/record: 4, table size: 12
	index: 0, handler: __TI_zero_init
	index: 1, handler: __TI_decompress_lzss
	index: 2, handler: __TI_decompress_none


GLOBAL SYMBOLS: SORTED ALPHABETICALLY BY Name 

address   name                          
-------   ----                          
00000cc7  ADC14_IRQHandler              
00000cc7  AES256_IRQHandler             
00000cc7  BusFault_Handler              
00000cc3  C$$EXIT                       
00000cc7  COMP_E0_IRQHandler            
00000cc7  COMP_E1_IRQHandler            
00000cc7  CS_IRQHandler                 
00000cc7  DMA_ERR_IRQHandler            
00000cc7  DMA_INT0_IRQHandler           
00000cc7  DMA_INT1_IRQHandler           
00000cc7  DMA_INT2_IRQHandler           
00000cc7  DMA_INT3_IRQHandler           
00000cc7  DebugMon_Handler              
00000cc7  Default_Handler               
00000cc7  EUSCIA0_IRQHandler            
00000cc7  EUSCIA1_IRQHandler            
00000cc7  EUSCIA2_IRQHandler            
00000cc7  EUSCIA3_IRQHandler            
00000cc7  EUSCIB0_IRQHandler            
00000cc7  EUSCIB1_IRQHandler            
00000cc7  EUSCIB2_IRQHandler            
00000cc7  EUSCIB3_IRQHandler            
00000cc7  FLCTL_IRQHandler              
00000cc7  FPU_IRQHandler                
00000c65  GPIO_registerInterrupt        
00000cc7  HardFault_Handler             
000008ed  Interrupt_enableInterrupt     
00000b35  Interrupt_registerInterrupt   
00000cc7  MemManage_Handler             
00000cc7  NMI_Handler                   
00000cc7  PCM_IRQHandler                
00000cc7  PORT1_IRQHandler              
00000cc7  PORT2_IRQHandler              
00000cc7  PORT3_IRQHandler              
00000cc7  PORT4_IRQHandler              
00000cc7  PORT5_IRQHandler              
00000cc7  PORT6_IRQHandler              
00000cc7  PSS_IRQHandler                
00000cc7  PendSV_Handler                
00000cc7  RTC_C_IRQHandler              
00000cb3  Reset_Handler                 
00000cc7  SVC_Handler                   
00000cc7  SysTick_Handler               
0000096d  SystemInit                    
00000cc7  T32_INT1_IRQHandler           
00000cc7  T32_INT2_IRQHandler           
00000cc7  T32_INTC_IRQHandler           
00000cc7  TA0_0_IRQHandler              
00000cc7  TA0_N_IRQHandler              
00000cc7  TA1_0_IRQHandler              
00000cc7  TA1_N_IRQHandler              
00000cc7  TA2_0_IRQHandler              
00000cc7  TA2_N_IRQHandler              
00000cc7  TA3_0_IRQHandler              
00000cc7  TA3_N_IRQHandler              
00000cc7  UsageFault_Handler            
4000480c  WDTCTL_SYM                    
00000cc7  WDT_A_IRQHandler              
20010000  __STACK_END                   
00000200  __STACK_SIZE                  
00000d18  __TI_CINIT_Base               
00000d30  __TI_CINIT_Limit              
00000cf0  __TI_Handler_Table_Base       
00000cfc  __TI_Handler_Table_Limit      
00000bed  __TI_auto_init_nobinit_nopinit
00000acd  __TI_decompress_lzss          
00000ca5  __TI_decompress_none          
ffffffff  __TI_pprof_out_hndl           
ffffffff  __TI_prof_data_size           
ffffffff  __TI_prof_data_start          
00000000  __TI_static_base__            
00000c89  __TI_zero_init_nomemset       
000007c9  __aeabi_memcpy                
000007c9  __aeabi_memcpy4               
000007c9  __aeabi_memcpy8               
ffffffff  __binit__                     
ffffffff  __c_args__                    
UNDEFED   __mpu_init                    
2000fe00  __stack                       
20000000  __start___llvm_prf_cnts       
20000000  __stop___llvm_prf_cnts        
00000c31  _c_int00_noargs               
UNDEFED   _system_post_cinit            
00000cbf  _system_pre_init              
00000cc3  abort                         
ffffffff  binit                         
00000b91  bumperSwitchesHandler         
000009e5  config432IO                   
00000341  configRobotIO                 
20000000  g_pfnRAMVectors               
00000000  interruptVectors              
00000559  ledStates                     
00000a5d  main                          
000007c9  memcpy                        
000006d5  processSensors                
000000e5  readSensors                   
200000f0  robotState                    
200000e8  s                             
200000f1  sensorState                   
00000865  toggleLEDs                    


GLOBAL SYMBOLS: SORTED BY Symbol Address 

address   name                          
-------   ----                          
00000000  __TI_static_base__            
00000000  interruptVectors              
000000e5  readSensors                   
00000200  __STACK_SIZE                  
00000341  configRobotIO                 
00000559  ledStates                     
000006d5  processSensors                
000007c9  __aeabi_memcpy                
000007c9  __aeabi_memcpy4               
000007c9  __aeabi_memcpy8               
000007c9  memcpy                        
00000865  toggleLEDs                    
000008ed  Interrupt_enableInterrupt     
0000096d  SystemInit                    
000009e5  config432IO                   
00000a5d  main                          
00000acd  __TI_decompress_lzss          
00000b35  Interrupt_registerInterrupt   
00000b91  bumperSwitchesHandler         
00000bed  __TI_auto_init_nobinit_nopinit
00000c31  _c_int00_noargs               
00000c65  GPIO_registerInterrupt        
00000c89  __TI_zero_init_nomemset       
00000ca5  __TI_decompress_none          
00000cb3  Reset_Handler                 
00000cbf  _system_pre_init              
00000cc3  C$$EXIT                       
00000cc3  abort                         
00000cc7  ADC14_IRQHandler              
00000cc7  AES256_IRQHandler             
00000cc7  BusFault_Handler              
00000cc7  COMP_E0_IRQHandler            
00000cc7  COMP_E1_IRQHandler            
00000cc7  CS_IRQHandler                 
00000cc7  DMA_ERR_IRQHandler            
00000cc7  DMA_INT0_IRQHandler           
00000cc7  DMA_INT1_IRQHandler           
00000cc7  DMA_INT2_IRQHandler           
00000cc7  DMA_INT3_IRQHandler           
00000cc7  DebugMon_Handler              
00000cc7  Default_Handler               
00000cc7  EUSCIA0_IRQHandler            
00000cc7  EUSCIA1_IRQHandler            
00000cc7  EUSCIA2_IRQHandler            
00000cc7  EUSCIA3_IRQHandler            
00000cc7  EUSCIB0_IRQHandler            
00000cc7  EUSCIB1_IRQHandler            
00000cc7  EUSCIB2_IRQHandler            
00000cc7  EUSCIB3_IRQHandler            
00000cc7  FLCTL_IRQHandler              
00000cc7  FPU_IRQHandler                
00000cc7  HardFault_Handler             
00000cc7  MemManage_Handler             
00000cc7  NMI_Handler                   
00000cc7  PCM_IRQHandler                
00000cc7  PORT1_IRQHandler              
00000cc7  PORT2_IRQHandler              
00000cc7  PORT3_IRQHandler              
00000cc7  PORT4_IRQHandler              
00000cc7  PORT5_IRQHandler              
00000cc7  PORT6_IRQHandler              
00000cc7  PSS_IRQHandler                
00000cc7  PendSV_Handler                
00000cc7  RTC_C_IRQHandler              
00000cc7  SVC_Handler                   
00000cc7  SysTick_Handler               
00000cc7  T32_INT1_IRQHandler           
00000cc7  T32_INT2_IRQHandler           
00000cc7  T32_INTC_IRQHandler           
00000cc7  TA0_0_IRQHandler              
00000cc7  TA0_N_IRQHandler              
00000cc7  TA1_0_IRQHandler              
00000cc7  TA1_N_IRQHandler              
00000cc7  TA2_0_IRQHandler              
00000cc7  TA2_N_IRQHandler              
00000cc7  TA3_0_IRQHandler              
00000cc7  TA3_N_IRQHandler              
00000cc7  UsageFault_Handler            
00000cc7  WDT_A_IRQHandler              
00000cf0  __TI_Handler_Table_Base       
00000cfc  __TI_Handler_Table_Limit      
00000d18  __TI_CINIT_Base               
00000d30  __TI_CINIT_Limit              
20000000  __start___llvm_prf_cnts       
20000000  __stop___llvm_prf_cnts        
20000000  g_pfnRAMVectors               
200000e8  s                             
200000f0  robotState                    
200000f1  sensorState                   
2000fe00  __stack                       
20010000  __STACK_END                   
4000480c  WDTCTL_SYM                    
ffffffff  __TI_pprof_out_hndl           
ffffffff  __TI_prof_data_size           
ffffffff  __TI_prof_data_start          
ffffffff  __binit__                     
ffffffff  __c_args__                    
ffffffff  binit                         
UNDEFED   __mpu_init                    
UNDEFED   _system_post_cinit            

[100 symbols]
